# End time: 14:47:44 on May 03,2026, Elapsed time: 0:09:32
# Errors: 0, Warnings: 1
# vsim -voptargs="+acc" work.tb_top 
# Start time: 14:47:44 on May 03,2026
# ** Note: (vsim-3813) Design is being optimized due to module recompilation...
# ** Note: (vopt-143) Recognized 1 FSM in module "direct_mapped_cache(fast)".
# ** Note: (vopt-143) Recognized 1 FSM in module "backing_memory(fast)".
# Loading sv_std.std
# Loading work.cache_pkg(fast)
# Loading work.tb_top(fast)
# Loading work.cache_if(fast)
# Loading work.direct_mapped_cache(fast)
# Loading work.backing_memory(fast)
# ==================================================
# Phase 2 Test: Direct-Mapped Cache Baseline
# ==================================================
# [INFO] Cache write complete addr=0x00000000 data=0xdeadbeef
# [INFO] Cache read complete  addr=0x00000000 data=0xdeadbeef
# [PASS] Write miss then read hit actual=0xdeadbeef expected=0xdeadbeef
# [INFO] Cache read complete  addr=0x00000040 data=0x11223344
# [PASS] Read miss refill from backing memory actual=0x11223344 expected=0x11223344
# [INFO] Cache read complete  addr=0x00000044 data=0x55667788
# [PASS] Read hit within refilled cache line actual=0x55667788 expected=0x55667788
# [INFO] Cache write complete addr=0x00000044 data=0x000000aa
# [INFO] Cache read complete  addr=0x00000044 data=0x556677aa
# [PASS] Write hit byte strobe update actual=0x556677aa expected=0x556677aa
# [INFO] Cache read complete  addr=0x00000100 data=0xcafebabe
# [PASS] Conflict miss loads new tag at same index actual=0xcafebabe expected=0xcafebabe
# [INFO] Cache read complete  addr=0x00000000 data=0xdeadbeef
# [PASS] Old line refilled after conflict replacement actual=0xdeadbeef expected=0xdeadbeef
# ==================================================
# Phase 2 Summary
# PASS count = 6
# FAIL count = 0
# ==================================================
# [PHASE 2 PASS] Direct-mapped cache baseline verified.
# ** Note: $finish    : ../../tb/top/tb_top.sv(251)
#    Time: 1385 ns  Iteration: 0  Instance: /tb_top
# 1
# Break in Module tb_top at ../../tb/top/tb_top.sv line 251
