# End time: 16:45:04 on May 03,2026, Elapsed time: 1:33:02
# Errors: 1, Warnings: 4
# vsim -voptargs="+acc" work.tb_top 
# Start time: 16:45:05 on May 03,2026
# ** Note: (vsim-3813) Design is being optimized due to module recompilation...
# ** Note: (vopt-143) Recognized 1 FSM in module "two_way_wb_cache(fast)".
# Loading sv_std.std
# Loading work.cache_pkg(fast)
# Loading work.tb_top(fast)
# Loading work.cache_if(fast)
# Loading work.two_way_wb_cache(fast)
# Loading work.backing_memory(fast)
# ==================================================
# Phase 4 Test: Write-Back Cache and Dirty Eviction
# ==================================================
# [INFO] Cache write complete addr=0x00000040 data=0xdeadbeef
# [PASS] Write-back: memory not updated immediately actual=0xaaaa0000 expected=0xaaaa0000
# [INFO] Cache read complete  addr=0x00000040 data=0xdeadbeef
# [PASS] Write miss allocated dirty line in cache actual=0xdeadbeef expected=0xdeadbeef
# [INFO] Cache write complete addr=0x00000140 data=0xcafebabe
# [INFO] Cache read complete  addr=0x00000140 data=0xcafebabe
# [PASS] Second dirty line allocated in other way actual=0xcafebabe expected=0xcafebabe
# [INFO] Cache read complete  addr=0x00000240 data=0xcccc0000
# [PASS] Conflict miss loads Line C actual=0xcccc0000 expected=0xcccc0000
# [PASS] Dirty eviction wrote Line A word 0 back to memory actual=0xdeadbeef expected=0xdeadbeef
# [INFO] Cache read complete  addr=0x00000040 data=0xdeadbeef
# [PASS] Evicted dirty Line A refills with updated data actual=0xdeadbeef expected=0xdeadbeef
# [INFO] Cache write complete addr=0x00000040 data=0x000000aa
# [INFO] Cache read complete  addr=0x00000040 data=0xdeadbeaa
# [PASS] Write hit byte strobe updates cached data actual=0xdeadbeaa expected=0xdeadbeaa
# [PASS] Write hit does not immediately update backing memory actual=0xdeadbeef expected=0xdeadbeef
# [INFO] Cache read complete  addr=0x00000080 data=0x11110000
# [PASS] Clean Line D read miss fill actual=0x11110000 expected=0x11110000
# [INFO] Cache read complete  addr=0x00000180 data=0x22220000
# [PASS] Clean Line E fills second way actual=0x22220000 expected=0x22220000
# [INFO] Cache read complete  addr=0x00000280 data=0x33330000
# [PASS] Clean conflict miss loads Line F actual=0x33330000 expected=0x33330000
# [PASS] Clean eviction did not modify original memory line actual=0x11110000 expected=0x11110000
# ==================================================
# Phase 4 Summary
# PASS count = 12
# FAIL count = 0
# ==================================================
# [PHASE 4 PASS] Write-back cache and dirty eviction verified.
# ** Note: $finish    : ../../tb/top/tb_top.sv(308)
#    Time: 2435 ns  Iteration: 0  Instance: /tb_top
# 1
# Break in Module tb_top at ../../tb/top/tb_top.sv line 308
